﻿
> weighting-scale-app@0.0.0 build
> vite build

[36mvite v7.3.1 [32mbuilding client environment for production...[36m[39m
transforming...
[32mΓ£ô[39m 96 modules transformed.
node.exe : [31mΓ£ù[39m Build 
failed in 775ms
At line:1 char:1
+ & "C:\Program 
Files\nodejs/node.exe" 
"C:\Users\Sahil Shipurkar\AppDat ...
+ ~~~~~~~~~~~~~~~~~~~~~~~~~~~~~~~~~~
~~~~~~~~~~~~~~~~~~~~~~~~~~~~~~~~~~~
    + CategoryInfo          : NotSp 
   ecified: ([31mΓ£ù[39m Build f  
  ailed in 775ms:String) [], Remo   
 teException
    + FullyQualifiedErrorId : Nativ 
   eCommandError
 
[31merror during build:
[31m[vite]: Rollup failed to 
resolve import "jwt-decode" from 
"C:/Users/Sahil Shipurkar/Downloads/
G-MARK/weighting_scale/frontend/src/
pages/auth/VerifyOTP.jsx".
This is most likely unintended 
because it can break your 
application at runtime.
If you do want to externalize this 
module explicitly add it to
`build.rollupOptions.external`[31m
    at viteLog (file:///C:/Users/Sah
il%20Shipurkar/Downloads/G-MARK/weig
hting_scale/frontend/node_modules/vi
te/dist/node/chunks/config.js:33635:
57)
    at file:///C:/Users/Sahil%20Ship
urkar/Downloads/G-MARK/weighting_sca
le/frontend/node_modules/vite/dist/n
ode/chunks/config.js:33669:73
    at onwarn (file:///C:/Users/Sahi
l%20Shipurkar/Downloads/G-MARK/weigh
ting_scale/frontend/node_modules/@vi
tejs/plugin-react/dist/index.js:76:7
)
    at file:///C:/Users/Sahil%20Ship
urkar/Downloads/G-MARK/weighting_sca
le/frontend/node_modules/vite/dist/n
ode/chunks/config.js:33669:28
    at onRollupLog (file:///C:/Users
/Sahil%20Shipurkar/Downloads/G-MARK/
weighting_scale/frontend/node_module
s/vite/dist/node/chunks/config.js:33
664:63)
    at onLog (file:///C:/Users/Sahil
%20Shipurkar/Downloads/G-MARK/weight
ing_scale/frontend/node_modules/vite
/dist/node/chunks/config.js:33467:4)
    at file:///C:/Users/Sahil%20Ship
urkar/Downloads/G-MARK/weighting_sca
le/frontend/node_modules/rollup/dist
/es/shared/node-entry.js:20958:32
    at Object.logger [as onLog] (fil
e:///C:/Users/Sahil%20Shipurkar/Down
loads/G-MARK/weighting_scale/fronten
d/node_modules/rollup/dist/es/shared
/node-entry.js:22945:9)
    at ModuleLoader.handleInvalidRes
olvedId (file:///C:/Users/Sahil%20Sh
ipurkar/Downloads/G-MARK/weighting_s
cale/frontend/node_modules/rollup/di
st/es/shared/node-entry.js:21689:26)
    at 
ModuleLoader.resolveDynamicImport (f
ile:///C:/Users/Sahil%20Shipurkar/Do
wnloads/G-MARK/weighting_scale/front
end/node_modules/rollup/dist/es/shar
ed/node-entry.js:21747:58)[39m
