
> weighpro@1.0.0 build
> nest build

node.exe : [96msrc/modules/Ma
ster/account-master/account-ma
ster.service.ts[0m:[93m506[
0m:[93m40[0m - 
[91merror[0m[90m TS2339: 
[0mProperty 'areas' does not 
exist on type '{ pincode: 
string; id: number; 
createdAt: Date; state: 
string; district: string; 
updatedAt: Date; isActive: 
boolean; }'.
At line:1 char:1
+ & "D:\Program 
Files\nodejs/node.exe" 
"D:\Program 
Files\nodejs/node_mo ...
+ ~~~~~~~~~~~~~~~~~~~~~~~~~~~~
~~~~~~~~~~~~~~~~~~~~~~~~~~~~~~
~~~~~~~~~~~
    + CategoryInfo          : 
    NotSpecified: ([96msrc/  
  module...e: boolean; }'.:   
 String) [], RemoteExcepti    
on
    + FullyQualifiedErrorId : 
    NativeCommandError
 

[7m506[0m       if 
(localPincode && 
localPincode.areas && 
localPincode.areas.length > 
0) {
[7m   [0m [91m             
                          
~~~~~[0m
[96msrc/modules/Master/accoun
t-master/account-master.servic
e.ts[0m:[93m506[0m:[93m62
[0m - [91merror[0m[90m 
TS2339: [0mProperty 'areas' 
does not exist on type '{ 
pincode: string; id: number; 
createdAt: Date; state: 
string; district: string; 
updatedAt: Date; isActive: 
boolean; }'.

[7m506[0m       if 
(localPincode && 
localPincode.areas && 
localPincode.areas.length > 
0) {
[7m   [0m [91m             
                              
                  ~~~~~[0m
[96msrc/modules/Master/accoun
t-master/account-master.servic
e.ts[0m:[93m508[0m:[93m31
[0m - [91merror[0m[90m 
TS2339: [0mProperty 'areas' 
does not exist on type '{ 
pincode: string; id: number; 
createdAt: Date; state: 
string; district: string; 
updatedAt: Date; isActive: 
boolean; }'.

[7m508[0m           areas: 
localPincode.areas,
[7m   [0m [91m             
                 ~~~~~[0m
[96msrc/modules/Master/accoun
t-master/account-master.servic
e.ts[0m:[93m511[0m:[93m37
[0m - [91merror[0m[90m 
TS2551: [0mProperty 
'subDistrict' does not exist 
on type '{ pincode: string; 
id: number; createdAt: Date; 
state: string; district: 
string; updatedAt: Date; 
isActive: boolean; }'. Did 
you mean 'district'?

[7m511[0m           
subDistrict: 
localPincode.subDistrict || 
'',
[7m   [0m [91m             
                       
~~~~~~~~~~~[0m
[96msrc/modules/Master/accoun
t-master/account-master.servic
e.ts[0m:[93m512[0m:[93m33
[0m - [91merror[0m[90m 
TS2339: [0mProperty 
'country' does not exist on 
type '{ pincode: string; id: 
number; createdAt: Date; 
state: string; district: 
string; updatedAt: Date; 
isActive: boolean; }'.

[7m512[0m           
country: localPincode.country 
|| 'India',
[7m   [0m [91m             
                   ~~~~~~~[0m
[96msrc/modules/Master/accoun
t-master/account-master.servic
e.ts[0m:[93m537[0m:[93m13
[0m - [91merror[0m[90m 
TS2561: [0mObject literal 
may only specify known 
properties, but 'subDistrict' 
does not exist in type 
'(Without<PincodeUpdateInput, 
PincodeUncheckedUpdateInput> 
& 
PincodeUncheckedUpdateInput) 
| (Without<...> & 
PincodeUpdateInput)'. Did you 
mean to write 'district'?

[7m537[0m             
subDistrict: subDistrict,
[7m   [0m [91m            
~~~~~~~~~~~[0m

  [96mnode_modules/.prisma/cl
ient/index.d.ts[0m:[93m16358
[0m:[93m5[0m
    [7m16358[0m     update: 
XOR<PincodeUpdateInput, 
PincodeUncheckedUpdateInput>
    [7m     [0m [96m    
~~~~~~[0m
    The expected type comes 
from property 'update' which 
is declared here on type '{ 
select?: 
PincodeSelect<DefaultArgs>; 
omit?: 
PincodeOmit<DefaultArgs>; 
where: 
PincodeWhereUniqueInput; 
create: (Without<...> & 
PincodeUncheckedCreateInput) 
| (Without<...> & 
PincodeCreateInput); update: 
(Without<...> & 
PincodeUncheckedUpdateInput) 
| (Without<...> & 
PincodeUpdateInput); }'
[96msrc/modules/Master/accoun
t-master/account-master.servic
e.ts[0m:[93m545[0m:[93m13
[0m - [91merror[0m[90m 
TS2561: [0mObject literal 
may only specify known 
properties, but 'subDistrict' 
does not exist in type 
'(Without<PincodeCreateInput, 
PincodeUncheckedCreateInput> 
& 
PincodeUncheckedCreateInput) 
| (Without<...> & 
PincodeCreateInput)'. Did you 
mean to write 'district'?

[7m545[0m             
subDistrict: subDistrict,
[7m   [0m [91m            
~~~~~~~~~~~[0m

  [96mnode_modules/.prisma/cl
ient/index.d.ts[0m:[93m16354
[0m:[93m5[0m
    [7m16354[0m     create: 
XOR<PincodeCreateInput, 
PincodeUncheckedCreateInput>
    [7m     [0m [96m    
~~~~~~[0m
    The expected type comes 
from property 'create' which 
is declared here on type '{ 
select?: 
PincodeSelect<DefaultArgs>; 
omit?: 
PincodeOmit<DefaultArgs>; 
where: 
PincodeWhereUniqueInput; 
create: (Without<...> & 
PincodeUncheckedCreateInput) 
| (Without<...> & 
PincodeCreateInput); update: 
(Without<...> & 
PincodeUncheckedUpdateInput) 
| (Without<...> & 
PincodeUpdateInput); }'

Found 7 error(s).

