
> weighpro@1.0.0 build
> nest build

node.exe : [96msrc/modules/Ma
ster/account-master/account-ma
ster.service.ts[0m:[93m5[0m
:[93m26[0m - 
[91merror[0m[90m TS2307: 
[0mCannot find module 
'exceljs' or its 
corresponding type 
declarations.
At line:1 char:1
+ & "C:\Program 
Files\nodejs/node.exe" 
"C:\Program 
Files\nodejs/node_mo ...
+ ~~~~~~~~~~~~~~~~~~~~~~~~~~~~
~~~~~~~~~~~~~~~~~~~~~~~~~~~~~~
~~~~~~~~~~~
    + CategoryInfo          : 
    NotSpecified: ([96msrc/  
  module...e declarations.:   
 String) [], RemoteExcepti    
on
    + FullyQualifiedErrorId : 
    NativeCommandError
 

[7m5[0m import * as ExcelJS 
from 'exceljs';
[7m [0m [91m               
          ~~~~~~~~~[0m
[96msrc/modules/Master/accoun
t-master/account-master.servic
e.ts[0m:[93m6[0m:[93m30[0
m - [91merror[0m[90m 
TS2307: [0mCannot find 
module 'pdfkit' or its 
corresponding type 
declarations.

[7m6[0m import * as 
PDFDocument from 'pdfkit';
[7m [0m [91m               
              ~~~~~~~~[0m
[96msrc/modules/Master/catego
ry-master/services/category-ma
ster.service.ts[0m:[93m5[0m
:[93m26[0m - 
[91merror[0m[90m TS2307: 
[0mCannot find module 
'exceljs' or its 
corresponding type 
declarations.

[7m5[0m import * as ExcelJS 
from 'exceljs';
[7m [0m [91m               
          ~~~~~~~~~[0m
[96msrc/modules/Master/group-
master/services/group.service.
ts[0m:[93m4[0m:[93m26[0m 
- [91merror[0m[90m TS2307: 
[0mCannot find module 
'exceljs' or its 
corresponding type 
declarations.

[7m4[0m import * as ExcelJS 
from 'exceljs';
[7m [0m [91m               
          ~~~~~~~~~[0m
[96msrc/modules/Master/produc
t-master/services/product-mast
er.service.ts[0m:[93m5[0m:
[93m26[0m - 
[91merror[0m[90m TS2307: 
[0mCannot find module 
'exceljs' or its 
corresponding type 
declarations.

[7m5[0m import * as ExcelJS 
from 'exceljs';
[7m [0m [91m               
          ~~~~~~~~~[0m
[96msrc/modules/Master/produc
t-master/services/product-mast
er.service.ts[0m:[93m6[0m:
[93m30[0m - 
[91merror[0m[90m TS2307: 
[0mCannot find module 
'pdfkit' or its corresponding 
type declarations.

[7m6[0m import * as 
PDFDocument from 'pdfkit';
[7m [0m [91m               
              ~~~~~~~~[0m
[96msrc/modules/Master/unit-m
aster/unit-master.service.ts[
0m:[93m5[0m:[93m26[0m - 
[91merror[0m[90m TS2307: 
[0mCannot find module 
'exceljs' or its 
corresponding type 
declarations.

[7m5[0m import * as ExcelJS 
from 'exceljs';
[7m [0m [91m               
          ~~~~~~~~~[0m

Found 7 error(s).

